12:51:40 **** Incremental Build of configuration Debug for project led_animation ****
make -j12 all 
arm-none-eabi-gcc "../Core/Src/main.c" -mcpu=cortex-m3 -std=gnu11 -g3 -DDEBUG -DUSE_HAL_DRIVER -DSTM32F103x6 -c -I../Core/Inc -I../Drivers/STM32F1xx_HAL_Driver/Inc -I../Drivers/STM32F1xx_HAL_Driver/Inc/Legacy -I../Drivers/CMSIS/Device/ST/STM32F1xx/Include -I../Drivers/CMSIS/Include -O0 -ffunction-sections -fdata-sections -Wall -fstack-usage -MMD -MP -MF"Core/Src/main.d" -MT"Core/Src/main.o" --specs=nano.specs -mfloat-abi=soft -mthumb -o "Core/Src/main.o"
arm-none-eabi-gcc -o "led_animation.elf" @"objects.list"   -mcpu=cortex-m3 -T"C:\D\Study\HK221\MCU\STM\led_animation\STM32F103C6UX_FLASH.ld" --specs=nosys.specs -Wl,-Map="led_animation.map" -Wl,--gc-sections -static --specs=nano.specs -mfloat-abi=soft -mthumb -Wl,--start-group -lc -lm -Wl,--end-group
Finished building target: led_animation.elf
 
arm-none-eabi-size   led_animation.elf 
arm-none-eabi-objdump -h -S  led_animation.elf  > "led_animation.list"
arm-none-eabi-objcopy  -O ihex  led_animation.elf  "led_animation.hex"
arm-none-eabi-objcopy  -O binary  led_animation.elf  "led_animation.bin"
   text	   data	    bss	    dec	    hex	filename
   8596	     80	   1680	  10356	   2874	led_animation.elf
Finished building: default.size.stdout
 
Finished building: led_animation.hex
Finished building: led_animation.bin
 
Finished building: led_animation.list
 
 

12:51:41 Build Finished. 0 errors, 0 warnings. (took 801ms)

